<!DOCTYPE html>
<html lang="en">
  <head>
    <title>My Site</title>
    <link href="css/index.bundle.########.css" rel="stylesheet" />
    <script src="js/index.bundle.########.js" defer></script>
  </head>
  <body>
    <h1>Hello World!</h1>
    <div>P1</div>
    <div>P4</div>
    <div>P2</div>
    <div>P4</div>
    <div>P3</div>
  </body>
</html>
